// Jest Snapshot v1, https://goo.gl/fbAQLP

exports[`pruebas en loginComponent debe hacer el match con el snapshot 1`] = `
<div
  className="container mt-5"
>
  <h1>
    Login
  </h1>
  <hr />
  <button
    className="btn btn-primary"
    onClick={[Function]}
  >
    Login
  </button>
</div>
`;
